Component: ARM Compiler 5.06 update 3 (build 300) Tool: armlink [4d35c9]

==============================================================================

Section Cross References

    tp.o(RESET) refers to tp.o(MYCODE) for Reset_Handler


==============================================================================

Image Symbol Table

    Local Symbols

    Symbol Name                              Value     Ov Type        Size  Object(Section)

    tp.s                                     0x00000000   Number         0  tp.o ABSOLUTE
    RESET                                    0x08000000   Section        8  tp.o(RESET)
    MYCODE                                   0x08000008   Section     1112  tp.o(MYCODE)
    GPIO_ClockInit                           0x08000019   Thumb Code    12  tp.o(MYCODE)
    GPIO_init                                0x08000025   Thumb Code    32  tp.o(MYCODE)
    UC2                                      0x08000045   Thumb Code   106  tp.o(MYCODE)
    ledStatusPatten                          0x080000b1   Thumb Code   126  tp.o(MYCODE)
    led1Light                                0x08000131   Thumb Code    14  tp.o(MYCODE)
    led2Light                                0x08000141   Thumb Code    14  tp.o(MYCODE)
    led3Light                                0x08000151   Thumb Code    14  tp.o(MYCODE)
    led4Light                                0x08000161   Thumb Code    14  tp.o(MYCODE)
    allLedOn                                 0x08000171   Thumb Code    14  tp.o(MYCODE)
    offLed                                   0x08000181   Thumb Code    14  tp.o(MYCODE)
    testKeyPress                             0x08000191   Thumb Code    66  tp.o(MYCODE)
    delay                                    0x080001d5   Thumb Code    16  tp.o(MYCODE)
    quatDelay                                0x080001e5   Thumb Code    16  tp.o(MYCODE)
    variableDelay                            0x080001f5   Thumb Code    14  tp.o(MYCODE)
    UC2ToUC3                                 0x08000205   Thumb Code     8  tp.o(MYCODE)
    UC3                                      0x0800020d   Thumb Code    24  tp.o(MYCODE)
    gameStart                                0x08000225   Thumb Code    24  tp.o(MYCODE)
    led0                                     0x0800023d   Thumb Code     6  tp.o(MYCODE)
    led1                                     0x08000245   Thumb Code     6  tp.o(MYCODE)
    led2                                     0x0800024d   Thumb Code     6  tp.o(MYCODE)
    led3                                     0x08000255   Thumb Code     6  tp.o(MYCODE)
    random                                   0x0800025d   Thumb Code    36  tp.o(MYCODE)
    catchSwitch                              0x08000281   Thumb Code   106  tp.o(MYCODE)
    checkResult                              0x080002ed   Thumb Code     6  tp.o(MYCODE)
    addScore                                 0x080002f5   Thumb Code     6  tp.o(MYCODE)
    endFailure                               0x080002fd   Thumb Code    40  tp.o(MYCODE)
    endSuccess                               0x08000325   Thumb Code    26  tp.o(MYCODE)
    displayScore                             0x08000341   Thumb Code   180  tp.o(MYCODE)

    Global Symbols

    Symbol Name                              Value     Ov Type        Size  Object(Section)

    BuildAttributes$$THM_ISAv4$P$D$K$B$S$PE$A:L22UL41UL21$X:L11$S22US41US21$IEEE1$IW$USESV6$~STKCKD$USESV7$~SHL$OSPACE$EBA8$STANDARDLIB$PRES8$EABIv2 0x00000000   Number         0  anon$$obj.o ABSOLUTE
    __Vectors                                0x08000000   Data           4  tp.o(RESET)
    Reset_Handler                            0x08000009   Thumb Code    14  tp.o(MYCODE)



==============================================================================

Memory Map of the image

  Image Entry point : 0x08000009

  Load Region LR_1 (Base: 0x08000000, Size: 0x00000460, Max: 0xffffffff, ABSOLUTE)

    Execution Region ER_RO (Base: 0x08000000, Size: 0x00000460, Max: 0xffffffff, ABSOLUTE)

    Base Addr    Size         Type   Attr      Idx    E Section Name        Object

    0x08000000   0x00000008   Data   RO            1    RESET               tp.o
    0x08000008   0x00000458   Code   RO            2  * MYCODE              tp.o


    Execution Region ER_RW (Base: 0x20000000, Size: 0x00000000, Max: 0xffffffff, ABSOLUTE)

    **** No section assigned to this execution region ****


    Execution Region ER_ZI (Base: 0x20000000, Size: 0x00000000, Max: 0xffffffff, ABSOLUTE)

    **** No section assigned to this execution region ****


==============================================================================

Image component sizes


      Code (inc. data)   RO Data    RW Data    ZI Data      Debug   Object Name

      1112        146          8          0          0       1912   tp.o

    ----------------------------------------------------------------------
      1112        146          8          0          0       1912   Object Totals
         0          0          0          0          0          0   (incl. Generated)
         0          0          0          0          0          0   (incl. Padding)

    ----------------------------------------------------------------------
         0          0          0          0          0          0   Library Totals
         0          0          0          0          0          0   (incl. Padding)

    ----------------------------------------------------------------------

==============================================================================


      Code (inc. data)   RO Data    RW Data    ZI Data      Debug   

      1112        146          8          0          0       1912   Grand Totals
      1112        146          8          0          0       1912   ELF Image Totals
      1112        146          8          0          0          0   ROM Totals

==============================================================================

    Total RO  Size (Code + RO Data)                 1120 (   1.09kB)
    Total RW  Size (RW Data + ZI Data)                 0 (   0.00kB)
    Total ROM Size (Code + RO Data + RW Data)       1120 (   1.09kB)

==============================================================================

